bu-abfoff1-s240 vram-load 14860 MiB, 1030 MiB 14692 MiB, 1198 MiB 
bu-abfoff1-s240 {"case": "warmup", "prompt_n": 31, "prompt_tps": 19.4, "decode_tps": 38.09, "draft_n": 49, "draft_acc": 38, "sha": "0667a351a23f"}
bu-abfoff1-s240 {"case": "shallow", "prompt_n": 31, "prompt_tps": 51.5, "decode_tps": 68.69, "draft_n": 248, "draft_acc": 175, "sha": "719ffe99426a"}
bu-abfoff1-s240 {"case": "shallow", "prompt_n": 31, "prompt_tps": 61.7, "decode_tps": 69.46, "draft_n": 248, "draft_acc": 175, "sha": "719ffe99426a"}
bu-abfoff1-s240 {"case": "shallow", "prompt_n": 31, "prompt_tps": 63.5, "decode_tps": 72.53, "draft_n": 248, "draft_acc": 175, "sha": "719ffe99426a"}
bu-abfoff1-s240 {"case": "depth8192", "prompt_n": 8222, "prompt_tps": 400.4, "decode_tps": 71.03, "draft_n": 139, "draft_acc": 129, "sha": "5cda0ca0854d"}
bu-abfoff1-s240 {"case": "depth32768", "prompt_n": 32798, "prompt_tps": 389.7, "decode_tps": 67.56, "draft_n": 145, "draft_acc": 126, "sha": "c598bf8ff921"}
bu-abfoff1-s240 {"case": "depth61440", "prompt_n": 61470, "prompt_tps": 366.1, "decode_tps": 59.05, "draft_n": 146, "draft_acc": 125, "sha": "ae21971ece48"}
bu-abfoff1-s240 vram-end 14954 MiB, 936 MiB 14760 MiB, 1130 MiB 
bu-abfon1-s240 vram-load 14860 MiB, 1030 MiB 14692 MiB, 1198 MiB 
bu-abfon1-s240 {"case": "warmup", "prompt_n": 31, "prompt_tps": 11.2, "decode_tps": 38.49, "draft_n": 49, "draft_acc": 38, "sha": "0667a351a23f"}
bu-abfon1-s240 {"case": "shallow", "prompt_n": 31, "prompt_tps": 52.3, "decode_tps": 67.84, "draft_n": 247, "draft_acc": 175, "sha": "b3a317e8cf4b"}
bu-abfon1-s240 {"case": "shallow", "prompt_n": 31, "prompt_tps": 63.1, "decode_tps": 68.03, "draft_n": 258, "draft_acc": 169, "sha": "ecad645c616c"}
bu-abfon1-s240 {"case": "shallow", "prompt_n": 31, "prompt_tps": 64.8, "decode_tps": 71.65, "draft_n": 248, "draft_acc": 174, "sha": "ecad645c616c"}
bu-abfon1-s240 {"case": "depth8192", "prompt_n": 8222, "prompt_tps": 400.9, "decode_tps": 66.92, "draft_n": 140, "draft_acc": 129, "sha": "52fcf0717d3a"}
bu-abfon1-s240 {"case": "depth32768", "prompt_n": 32798, "prompt_tps": 386.8, "decode_tps": 70.07, "draft_n": 142, "draft_acc": 128, "sha": "c3b570d7c604"}
bu-abfon1-s240 {"case": "depth61440", "prompt_n": 61470, "prompt_tps": 366.9, "decode_tps": 61.81, "draft_n": 150, "draft_acc": 123, "sha": "dadb04da5dba"}
bu-abfon1-s240 vram-end 14964 MiB, 926 MiB 14766 MiB, 1124 MiB 
bu-abfon2-s240 vram-load 14860 MiB, 1030 MiB 14692 MiB, 1198 MiB 
bu-abfon2-s240 {"case": "warmup", "prompt_n": 31, "prompt_tps": 22.8, "decode_tps": 38.79, "draft_n": 49, "draft_acc": 38, "sha": "0667a351a23f"}
bu-abfon2-s240 {"case": "shallow", "prompt_n": 31, "prompt_tps": 53.3, "decode_tps": 68.04, "draft_n": 247, "draft_acc": 175, "sha": "b3a317e8cf4b"}
bu-abfon2-s240 {"case": "shallow", "prompt_n": 31, "prompt_tps": 63.5, "decode_tps": 67.83, "draft_n": 258, "draft_acc": 169, "sha": "ecad645c616c"}
bu-abfon2-s240 {"case": "shallow", "prompt_n": 31, "prompt_tps": 64.4, "decode_tps": 71.59, "draft_n": 248, "draft_acc": 174, "sha": "ecad645c616c"}
bu-abfon2-s240 {"case": "depth8192", "prompt_n": 8222, "prompt_tps": 400.1, "decode_tps": 69.95, "draft_n": 140, "draft_acc": 128, "sha": "33fd4946dacd"}
bu-abfon2-s240 {"case": "depth32768", "prompt_n": 32798, "prompt_tps": 389.7, "decode_tps": 68.64, "draft_n": 144, "draft_acc": 127, "sha": "c3b570d7c604"}
bu-abfon2-s240 {"case": "depth61440", "prompt_n": 61470, "prompt_tps": 366.9, "decode_tps": 64.05, "draft_n": 145, "draft_acc": 126, "sha": "3af597f34a4c"}
bu-abfon2-s240 vram-end 14964 MiB, 926 MiB 14766 MiB, 1124 MiB 
bu-abfoff2-s240 vram-load 14860 MiB, 1030 MiB 14692 MiB, 1198 MiB 
bu-abfoff2-s240 {"case": "warmup", "prompt_n": 31, "prompt_tps": 21.2, "decode_tps": 38.51, "draft_n": 49, "draft_acc": 38, "sha": "0667a351a23f"}
bu-abfoff2-s240 {"case": "shallow", "prompt_n": 31, "prompt_tps": 51.6, "decode_tps": 68.84, "draft_n": 248, "draft_acc": 175, "sha": "719ffe99426a"}
bu-abfoff2-s240 {"case": "shallow", "prompt_n": 31, "prompt_tps": 63.5, "decode_tps": 72.46, "draft_n": 248, "draft_acc": 175, "sha": "719ffe99426a"}
bu-abfoff2-s240 {"case": "shallow", "prompt_n": 31, "prompt_tps": 63.2, "decode_tps": 72.5, "draft_n": 248, "draft_acc": 175, "sha": "719ffe99426a"}
bu-abfoff2-s240 {"case": "depth8192", "prompt_n": 8222, "prompt_tps": 400.2, "decode_tps": 71.0, "draft_n": 139, "draft_acc": 129, "sha": "5cda0ca0854d"}
bu-abfoff2-s240 {"case": "depth32768", "prompt_n": 32798, "prompt_tps": 389.2, "decode_tps": 66.77, "draft_n": 147, "draft_acc": 125, "sha": "f6ba8df45e4f"}
bu-abfoff2-s240 {"case": "depth61440", "prompt_n": 61470, "prompt_tps": 366.8, "decode_tps": 64.94, "draft_n": 145, "draft_acc": 126, "sha": "3af597f34a4c"}
bu-abfoff2-s240 vram-end 14954 MiB, 936 MiB 14760 MiB, 1130 MiB 
ALLDONE
