bu-up1-s200 vram-load 13630 MiB, 2260 MiB 14456 MiB, 1434 MiB 
bu-up1-s200 {"case": "warmup", "prompt_n": 31, "prompt_tps": 18.6, "decode_tps": 35.53, "draft_n": 51, "draft_acc": 37, "sha": "0667a351a23f"}
bu-up1-s200 {"case": "shallow", "prompt_n": 31, "prompt_tps": 23.8, "decode_tps": 57.45, "draft_n": 240, "draft_acc": 178, "sha": "a057f4d69506"}
bu-up1-s200 {"case": "shallow", "prompt_n": 31, "prompt_tps": 23.4, "decode_tps": 55.99, "draft_n": 248, "draft_acc": 174, "sha": "a057f4d69506"}
bu-up1-s200 {"case": "shallow", "prompt_n": 31, "prompt_tps": 27.0, "decode_tps": 56.35, "draft_n": 248, "draft_acc": 174, "sha": "a057f4d69506"}
bu-up1-s200 {"case": "depth8192", "prompt_n": 8222, "prompt_tps": 361.0, "decode_tps": 56.07, "draft_n": 143, "draft_acc": 127, "sha": "9903a0d6825c"}
bu-up1-s200 {"case": "depth32768", "prompt_n": 32798, "prompt_tps": 360.2, "decode_tps": 49.04, "draft_n": 146, "draft_acc": 126, "sha": "eb4836e6cb21"}
bu-up1-s200 {"case": "depth61440", "prompt_n": 61470, "prompt_tps": 352.7, "decode_tps": 42.41, "draft_n": 143, "draft_acc": 127, "sha": "5cadfe99b3e7"}
bu-up1-s200 vram-end 13728 MiB, 2162 MiB 14564 MiB, 1326 MiB 
bu-next1-s200 vram-load 13630 MiB, 2260 MiB 14456 MiB, 1434 MiB 
bu-next1-s200 {"case": "warmup", "prompt_n": 31, "prompt_tps": 17.1, "decode_tps": 35.83, "draft_n": 51, "draft_acc": 37, "sha": "0667a351a23f"}
bu-next1-s200 {"case": "shallow", "prompt_n": 31, "prompt_tps": 21.8, "decode_tps": 58.56, "draft_n": 240, "draft_acc": 178, "sha": "a057f4d69506"}
bu-next1-s200 {"case": "shallow", "prompt_n": 31, "prompt_tps": 28.6, "decode_tps": 54.35, "draft_n": 248, "draft_acc": 174, "sha": "a057f4d69506"}
bu-next1-s200 {"case": "shallow", "prompt_n": 31, "prompt_tps": 24.4, "decode_tps": 57.84, "draft_n": 248, "draft_acc": 174, "sha": "a057f4d69506"}
bu-next1-s200 {"case": "depth8192", "prompt_n": 8222, "prompt_tps": 336.3, "decode_tps": 57.85, "draft_n": 142, "draft_acc": 128, "sha": "e2cf3d45eb5b"}
bu-next1-s200 {"case": "depth32768", "prompt_n": 32798, "prompt_tps": 359.8, "decode_tps": 49.2, "draft_n": 145, "draft_acc": 126, "sha": "c598bf8ff921"}
bu-next1-s200 {"case": "depth61440", "prompt_n": 61470, "prompt_tps": 353.9, "decode_tps": 42.57, "draft_n": 144, "draft_acc": 126, "sha": "ae21971ece48"}
bu-next1-s200 vram-end 13728 MiB, 2162 MiB 14564 MiB, 1326 MiB 
bu-ours1-s200 vram-load 13120 MiB, 2770 MiB 13234 MiB, 2656 MiB 
bu-ours1-s200 {"case": "warmup", "prompt_n": 31, "prompt_tps": 21.5, "decode_tps": 38.16, "draft_n": 49, "draft_acc": 38, "sha": "0667a351a23f"}
bu-ours1-s200 {"case": "shallow", "prompt_n": 31, "prompt_tps": 51.6, "decode_tps": 64.35, "draft_n": 248, "draft_acc": 175, "sha": "719ffe99426a"}
bu-ours1-s200 {"case": "shallow", "prompt_n": 31, "prompt_tps": 61.8, "decode_tps": 64.45, "draft_n": 248, "draft_acc": 175, "sha": "719ffe99426a"}
bu-ours1-s200 {"case": "shallow", "prompt_n": 31, "prompt_tps": 61.2, "decode_tps": 64.5, "draft_n": 248, "draft_acc": 175, "sha": "719ffe99426a"}
bu-ours1-s200 {"case": "depth8192", "prompt_n": 8222, "prompt_tps": 399.6, "decode_tps": 63.35, "draft_n": 141, "draft_acc": 128, "sha": "33fd4946dacd"}
bu-ours1-s200 {"case": "depth32768", "prompt_n": 32798, "prompt_tps": 389.8, "decode_tps": 61.95, "draft_n": 146, "draft_acc": 125, "sha": "ec86c3b6e6b8"}
bu-ours1-s200 {"case": "depth61440", "prompt_n": 61470, "prompt_tps": 367.1, "decode_tps": 59.57, "draft_n": 144, "draft_acc": 126, "sha": "e50cdfe3b02c"}
bu-ours1-s200 vram-end 13214 MiB, 2676 MiB 13302 MiB, 2588 MiB 
bu-ours2-s200 vram-load 13120 MiB, 2770 MiB 13234 MiB, 2656 MiB 
bu-ours2-s200 {"case": "warmup", "prompt_n": 31, "prompt_tps": 23.5, "decode_tps": 38.28, "draft_n": 49, "draft_acc": 38, "sha": "0667a351a23f"}
bu-ours2-s200 {"case": "shallow", "prompt_n": 31, "prompt_tps": 51.8, "decode_tps": 64.3, "draft_n": 248, "draft_acc": 175, "sha": "719ffe99426a"}
bu-ours2-s200 {"case": "shallow", "prompt_n": 31, "prompt_tps": 62.0, "decode_tps": 64.36, "draft_n": 248, "draft_acc": 175, "sha": "719ffe99426a"}
bu-ours2-s200 {"case": "shallow", "prompt_n": 31, "prompt_tps": 62.2, "decode_tps": 64.45, "draft_n": 248, "draft_acc": 175, "sha": "719ffe99426a"}
bu-ours2-s200 {"case": "depth8192", "prompt_n": 8222, "prompt_tps": 399.7, "decode_tps": 63.32, "draft_n": 141, "draft_acc": 128, "sha": "5cda0ca0854d"}
bu-ours2-s200 {"case": "depth32768", "prompt_n": 32798, "prompt_tps": 389.3, "decode_tps": 60.19, "draft_n": 147, "draft_acc": 125, "sha": "c598bf8ff921"}
bu-ours2-s200 {"case": "depth61440", "prompt_n": 61470, "prompt_tps": 366.5, "decode_tps": 54.64, "draft_n": 141, "draft_acc": 128, "sha": "cfc0e51f6c73"}
bu-ours2-s200 vram-end 13214 MiB, 2676 MiB 13302 MiB, 2588 MiB 
bu-next2-s200 vram-load 13630 MiB, 2260 MiB 14456 MiB, 1434 MiB 
bu-next2-s200 {"case": "warmup", "prompt_n": 31, "prompt_tps": 15.2, "decode_tps": 32.1, "draft_n": 51, "draft_acc": 37, "sha": "0667a351a23f"}
bu-next2-s200 {"case": "shallow", "prompt_n": 31, "prompt_tps": 23.0, "decode_tps": 58.28, "draft_n": 240, "draft_acc": 178, "sha": "a057f4d69506"}
bu-next2-s200 {"case": "shallow", "prompt_n": 31, "prompt_tps": 24.0, "decode_tps": 57.47, "draft_n": 248, "draft_acc": 174, "sha": "a057f4d69506"}
bu-next2-s200 {"case": "shallow", "prompt_n": 31, "prompt_tps": 29.2, "decode_tps": 57.77, "draft_n": 248, "draft_acc": 174, "sha": "a057f4d69506"}
bu-next2-s200 {"case": "depth8192", "prompt_n": 8222, "prompt_tps": 336.2, "decode_tps": 57.44, "draft_n": 141, "draft_acc": 128, "sha": "5cda0ca0854d"}
bu-next2-s200 {"case": "depth32768", "prompt_n": 32798, "prompt_tps": 362.8, "decode_tps": 48.5, "draft_n": 147, "draft_acc": 125, "sha": "f6ba8df45e4f"}
bu-next2-s200 {"case": "depth61440", "prompt_n": 61470, "prompt_tps": 353.7, "decode_tps": 42.43, "draft_n": 146, "draft_acc": 126, "sha": "e36c058e9467"}
bu-next2-s200 vram-end 13728 MiB, 2162 MiB 14564 MiB, 1326 MiB 
bu-up2-s200 vram-load 13630 MiB, 2260 MiB 14456 MiB, 1434 MiB 
bu-up2-s200 {"case": "warmup", "prompt_n": 31, "prompt_tps": 10.3, "decode_tps": 35.59, "draft_n": 51, "draft_acc": 37, "sha": "0667a351a23f"}
bu-up2-s200 {"case": "shallow", "prompt_n": 31, "prompt_tps": 12.2, "decode_tps": 57.51, "draft_n": 240, "draft_acc": 178, "sha": "a057f4d69506"}
bu-up2-s200 {"case": "shallow", "prompt_n": 31, "prompt_tps": 20.9, "decode_tps": 56.8, "draft_n": 248, "draft_acc": 174, "sha": "a057f4d69506"}
bu-up2-s200 {"case": "shallow", "prompt_n": 31, "prompt_tps": 28.3, "decode_tps": 56.95, "draft_n": 248, "draft_acc": 174, "sha": "a057f4d69506"}
bu-up2-s200 {"case": "depth8192", "prompt_n": 8222, "prompt_tps": 339.3, "decode_tps": 58.54, "draft_n": 138, "draft_acc": 130, "sha": "f850795c916d"}
bu-up2-s200 {"case": "depth32768", "prompt_n": 32798, "prompt_tps": 358.0, "decode_tps": 48.28, "draft_n": 145, "draft_acc": 126, "sha": "f6ba8df45e4f"}
bu-up2-s200 {"case": "depth61440", "prompt_n": 61470, "prompt_tps": 349.8, "decode_tps": 40.33, "draft_n": 150, "draft_acc": 123, "sha": "27ee517f5ba8"}
bu-up2-s200 vram-end 13728 MiB, 2162 MiB 14564 MiB, 1326 MiB 
ALLDONE
