bu-ours1-s240 vram-load 14860 MiB, 1030 MiB 14692 MiB, 1198 MiB 
bu-ours1-s240 {"case": "warmup", "prompt_n": 31, "prompt_tps": 17.6, "decode_tps": 38.29, "draft_n": 49, "draft_acc": 38, "sha": "0667a351a23f"}
bu-ours1-s240 {"case": "shallow", "prompt_n": 31, "prompt_tps": 52.9, "decode_tps": 68.62, "draft_n": 248, "draft_acc": 175, "sha": "719ffe99426a"}
bu-ours1-s240 {"case": "shallow", "prompt_n": 31, "prompt_tps": 64.1, "decode_tps": 72.41, "draft_n": 248, "draft_acc": 175, "sha": "719ffe99426a"}
bu-ours1-s240 {"case": "shallow", "prompt_n": 31, "prompt_tps": 64.4, "decode_tps": 72.51, "draft_n": 248, "draft_acc": 175, "sha": "719ffe99426a"}
bu-ours1-s240 {"case": "depth8192", "prompt_n": 8222, "prompt_tps": 400.9, "decode_tps": 70.07, "draft_n": 141, "draft_acc": 128, "sha": "5cda0ca0854d"}
bu-ours1-s240 {"case": "depth32768", "prompt_n": 32798, "prompt_tps": 388.0, "decode_tps": 63.13, "draft_n": 142, "draft_acc": 128, "sha": "c3b570d7c604"}
bu-ours1-s240 {"case": "depth61440", "prompt_n": 61470, "prompt_tps": 366.8, "decode_tps": 64.73, "draft_n": 142, "draft_acc": 127, "sha": "a2eb2ad97485"}
bu-ours1-s240 vram-end 14954 MiB, 936 MiB 14760 MiB, 1130 MiB 
bu-port1-s240 vram-load 14860 MiB, 1030 MiB 14692 MiB, 1198 MiB 
bu-port1-s240 {"case": "warmup", "prompt_n": 31, "prompt_tps": 21.1, "decode_tps": 38.2, "draft_n": 49, "draft_acc": 38, "sha": "0667a351a23f"}
bu-port1-s240 {"case": "shallow", "prompt_n": 31, "prompt_tps": 52.7, "decode_tps": 68.75, "draft_n": 248, "draft_acc": 175, "sha": "719ffe99426a"}
bu-port1-s240 {"case": "shallow", "prompt_n": 31, "prompt_tps": 65.0, "decode_tps": 72.54, "draft_n": 248, "draft_acc": 175, "sha": "719ffe99426a"}
bu-port1-s240 {"case": "shallow", "prompt_n": 31, "prompt_tps": 64.7, "decode_tps": 72.59, "draft_n": 248, "draft_acc": 175, "sha": "719ffe99426a"}
bu-port1-s240 {"case": "depth8192", "prompt_n": 8222, "prompt_tps": 401.0, "decode_tps": 70.98, "draft_n": 139, "draft_acc": 129, "sha": "5cda0ca0854d"}
bu-port1-s240 {"case": "depth32768", "prompt_n": 32798, "prompt_tps": 389.6, "decode_tps": 69.16, "draft_n": 142, "draft_acc": 128, "sha": "c3b570d7c604"}
bu-port1-s240 {"case": "depth61440", "prompt_n": 61470, "prompt_tps": 367.2, "decode_tps": 62.26, "draft_n": 152, "draft_acc": 123, "sha": "6f0711f1e9fc"}
bu-port1-s240 vram-end 14954 MiB, 936 MiB 14760 MiB, 1130 MiB 
bu-port2-s240 vram-load 14860 MiB, 1030 MiB 14692 MiB, 1198 MiB 
bu-port2-s240 {"case": "warmup", "prompt_n": 31, "prompt_tps": 22.2, "decode_tps": 38.39, "draft_n": 49, "draft_acc": 38, "sha": "0667a351a23f"}
bu-port2-s240 {"case": "shallow", "prompt_n": 31, "prompt_tps": 53.4, "decode_tps": 68.88, "draft_n": 248, "draft_acc": 175, "sha": "719ffe99426a"}
bu-port2-s240 {"case": "shallow", "prompt_n": 31, "prompt_tps": 65.3, "decode_tps": 72.54, "draft_n": 248, "draft_acc": 175, "sha": "719ffe99426a"}
bu-port2-s240 {"case": "shallow", "prompt_n": 31, "prompt_tps": 64.8, "decode_tps": 72.66, "draft_n": 248, "draft_acc": 175, "sha": "719ffe99426a"}
bu-port2-s240 {"case": "depth8192", "prompt_n": 8222, "prompt_tps": 400.6, "decode_tps": 71.03, "draft_n": 139, "draft_acc": 129, "sha": "5cda0ca0854d"}
bu-port2-s240 {"case": "depth32768", "prompt_n": 32798, "prompt_tps": 389.5, "decode_tps": 69.21, "draft_n": 142, "draft_acc": 128, "sha": "c3b570d7c604"}
bu-port2-s240 {"case": "depth61440", "prompt_n": 61470, "prompt_tps": 366.7, "decode_tps": 63.96, "draft_n": 145, "draft_acc": 126, "sha": "68a603c02cb1"}
bu-port2-s240 vram-end 14954 MiB, 936 MiB 14760 MiB, 1130 MiB 
bu-ours2-s240 vram-load 14860 MiB, 1030 MiB 14692 MiB, 1198 MiB 
bu-ours2-s240 {"case": "warmup", "prompt_n": 31, "prompt_tps": 20.1, "decode_tps": 38.26, "draft_n": 49, "draft_acc": 38, "sha": "0667a351a23f"}
bu-ours2-s240 {"case": "shallow", "prompt_n": 31, "prompt_tps": 52.3, "decode_tps": 68.76, "draft_n": 248, "draft_acc": 175, "sha": "719ffe99426a"}
bu-ours2-s240 {"case": "shallow", "prompt_n": 31, "prompt_tps": 64.9, "decode_tps": 72.54, "draft_n": 248, "draft_acc": 175, "sha": "719ffe99426a"}
bu-ours2-s240 {"case": "shallow", "prompt_n": 31, "prompt_tps": 63.8, "decode_tps": 72.52, "draft_n": 248, "draft_acc": 175, "sha": "719ffe99426a"}
bu-ours2-s240 {"case": "depth8192", "prompt_n": 8222, "prompt_tps": 400.9, "decode_tps": 70.18, "draft_n": 141, "draft_acc": 128, "sha": "9903a0d6825c"}
bu-ours2-s240 {"case": "depth32768", "prompt_n": 32798, "prompt_tps": 388.9, "decode_tps": 69.36, "draft_n": 142, "draft_acc": 128, "sha": "c3b570d7c604"}
bu-ours2-s240 {"case": "depth61440", "prompt_n": 61470, "prompt_tps": 366.8, "decode_tps": 63.34, "draft_n": 145, "draft_acc": 126, "sha": "204e4a310fa4"}
bu-ours2-s240 vram-end 14954 MiB, 936 MiB 14760 MiB, 1130 MiB 
ALLDONE
