=== def1
def1 start vram 14860/14692 MiB, rss 70113 MiB
def1 {"req": "A", "prompt_n": 8030, "prompt_ms": 22586, "decode_tps": 48.9, "cached": 8149, "sha": "acca1330bb69"} vram 14936/14742 MiB, rss 71079 MiB
def1 {"req": "B", "prompt_n": 2048, "prompt_ms": 5363, "decode_tps": 62.65, "cached": 8149, "sha": "72ea2b247cfc"} vram 14964/14760 MiB, rss 71205 MiB
def1 {"req": "A-again", "prompt_n": 2048, "prompt_ms": 5293, "decode_tps": 76.08, "cached": 8149, "sha": "acca1330bb69"} vram 14964/14760 MiB, rss 71208 MiB
def1 {"req": "B-again", "prompt_n": 2048, "prompt_ms": 5285, "decode_tps": 65.08, "cached": 8149, "sha": "3a3f5adff7b1"} vram 14964/14766 MiB, rss 71211 MiB
def1 checkpoint-log-lines 0
=== fine1
fine1 start vram 14860/14692 MiB, rss 70013 MiB
fine1 {"req": "A", "prompt_n": 8030, "prompt_ms": 25628, "decode_tps": 49.12, "cached": 8149, "sha": "265460d48757"} vram 14932/14742 MiB, rss 71229 MiB
fine1 {"req": "B", "prompt_n": 128, "prompt_ms": 2161, "decode_tps": 63.14, "cached": 8149, "sha": "93a8f1606620"} vram 14962/14758 MiB, rss 71334 MiB
fine1 {"req": "A-again", "prompt_n": 128, "prompt_ms": 2090, "decode_tps": 74.12, "cached": 8149, "sha": "acca1330bb69"} vram 14962/14758 MiB, rss 71352 MiB
fine1 {"req": "B-again", "prompt_n": 128, "prompt_ms": 2079, "decode_tps": 66.59, "cached": 8149, "sha": "f833d9780f40"} vram 14972/14764 MiB, rss 71372 MiB
fine1 checkpoint-log-lines 0
=== fine2
fine2 start vram 14860/14692 MiB, rss 70112 MiB
fine2 {"req": "A", "prompt_n": 8030, "prompt_ms": 24916, "decode_tps": 48.76, "cached": 8149, "sha": "265460d48757"} vram 14932/14742 MiB, rss 71334 MiB
fine2 {"req": "B", "prompt_n": 128, "prompt_ms": 2159, "decode_tps": 62.74, "cached": 8149, "sha": "72ea2b247cfc"} vram 14962/14758 MiB, rss 71434 MiB
fine2 {"req": "A-again", "prompt_n": 128, "prompt_ms": 2091, "decode_tps": 75.99, "cached": 8149, "sha": "265460d48757"} vram 14962/14758 MiB, rss 71451 MiB
fine2 {"req": "B-again", "prompt_n": 128, "prompt_ms": 2076, "decode_tps": 70.46, "cached": 8149, "sha": "93a8f1606620"} vram 14962/14758 MiB, rss 71453 MiB
fine2 checkpoint-log-lines 0
=== def2
def2 start vram 14860/14692 MiB, rss 70113 MiB
def2 {"req": "A", "prompt_n": 8030, "prompt_ms": 20897, "decode_tps": 49.0, "cached": 8149, "sha": "a618e951a4ec"} vram 14934/14742 MiB, rss 71084 MiB
def2 {"req": "B", "prompt_n": 2048, "prompt_ms": 5395, "decode_tps": 61.67, "cached": 8149, "sha": "72ea2b247cfc"} vram 14974/14766 MiB, rss 71238 MiB
def2 {"req": "A-again", "prompt_n": 2048, "prompt_ms": 5307, "decode_tps": 77.05, "cached": 8149, "sha": "265460d48757"} vram 14974/14766 MiB, rss 71255 MiB
def2 {"req": "B-again", "prompt_n": 2048, "prompt_ms": 5295, "decode_tps": 70.1, "cached": 8149, "sha": "72ea2b247cfc"} vram 14974/14766 MiB, rss 71256 MiB
def2 checkpoint-log-lines 0
ALLDONE
