bu-restack1-s240 vram-load 14860 MiB, 1030 MiB 14692 MiB, 1198 MiB 
bu-restack1-s240 {"case": "warmup", "prompt_n": 31, "prompt_tps": 21.9, "decode_tps": 33.89, "draft_n": 49, "draft_acc": 38, "sha": "0667a351a23f"}
bu-restack1-s240 {"case": "shallow", "prompt_n": 31, "prompt_tps": 49.3, "decode_tps": 67.99, "draft_n": 248, "draft_acc": 175, "sha": "719ffe99426a"}
bu-restack1-s240 {"case": "shallow", "prompt_n": 31, "prompt_tps": 64.3, "decode_tps": 72.55, "draft_n": 248, "draft_acc": 175, "sha": "719ffe99426a"}
bu-restack1-s240 {"case": "shallow", "prompt_n": 31, "prompt_tps": 64.7, "decode_tps": 72.13, "draft_n": 248, "draft_acc": 175, "sha": "719ffe99426a"}
bu-restack1-s240 {"case": "depth8192", "prompt_n": 8222, "prompt_tps": 400.3, "decode_tps": 70.38, "draft_n": 140, "draft_acc": 129, "sha": "fe88c660980b"}
bu-restack1-s240 {"case": "depth32768", "prompt_n": 32798, "prompt_tps": 388.3, "decode_tps": 71.57, "draft_n": 140, "draft_acc": 129, "sha": "c3b570d7c604"}
bu-restack1-s240 {"case": "depth61440", "prompt_n": 61470, "prompt_tps": 365.1, "decode_tps": 63.16, "draft_n": 146, "draft_acc": 125, "sha": "ae21971ece48"}
bu-restack1-s240 vram-end 14954 MiB, 936 MiB 14760 MiB, 1130 MiB 
bu-gdn1-s240 vram-load 14860 MiB, 1030 MiB 14692 MiB, 1198 MiB 
bu-gdn1-s240 {"case": "warmup", "prompt_n": 31, "prompt_tps": 25.1, "decode_tps": 38.44, "draft_n": 49, "draft_acc": 38, "sha": "0667a351a23f"}
bu-gdn1-s240 {"case": "shallow", "prompt_n": 31, "prompt_tps": 52.6, "decode_tps": 68.83, "draft_n": 248, "draft_acc": 175, "sha": "719ffe99426a"}
bu-gdn1-s240 {"case": "shallow", "prompt_n": 31, "prompt_tps": 64.2, "decode_tps": 72.7, "draft_n": 248, "draft_acc": 175, "sha": "719ffe99426a"}
bu-gdn1-s240 {"case": "shallow", "prompt_n": 31, "prompt_tps": 64.7, "decode_tps": 72.7, "draft_n": 248, "draft_acc": 175, "sha": "719ffe99426a"}
bu-gdn1-s240 {"case": "depth8192", "prompt_n": 8222, "prompt_tps": 397.6, "decode_tps": 62.02, "draft_n": 143, "draft_acc": 127, "sha": "6e4dcdfd567a"}
bu-gdn1-s240 {"case": "depth32768", "prompt_n": 32798, "prompt_tps": 387.7, "decode_tps": 71.25, "draft_n": 140, "draft_acc": 129, "sha": "c3b570d7c604"}
bu-gdn1-s240 {"case": "depth61440", "prompt_n": 61470, "prompt_tps": 365.9, "decode_tps": 63.79, "draft_n": 144, "draft_acc": 126, "sha": "672c48210944"}
bu-gdn1-s240 vram-end 14954 MiB, 936 MiB 14760 MiB, 1130 MiB 
bu-gdn2-s240 vram-load 14860 MiB, 1030 MiB 14692 MiB, 1198 MiB 
bu-gdn2-s240 {"case": "warmup", "prompt_n": 31, "prompt_tps": 14.7, "decode_tps": 32.61, "draft_n": 49, "draft_acc": 38, "sha": "0667a351a23f"}
bu-gdn2-s240 {"case": "shallow", "prompt_n": 31, "prompt_tps": 38.5, "decode_tps": 61.88, "draft_n": 248, "draft_acc": 175, "sha": "719ffe99426a"}
bu-gdn2-s240 {"case": "shallow", "prompt_n": 31, "prompt_tps": 50.5, "decode_tps": 63.56, "draft_n": 248, "draft_acc": 175, "sha": "719ffe99426a"}
bu-gdn2-s240 {"case": "shallow", "prompt_n": 31, "prompt_tps": 50.1, "decode_tps": 63.59, "draft_n": 248, "draft_acc": 175, "sha": "719ffe99426a"}
bu-gdn2-s240 {"case": "depth8192", "prompt_n": 8222, "prompt_tps": 385.2, "decode_tps": 70.06, "draft_n": 141, "draft_acc": 128, "sha": "5cda0ca0854d"}
bu-gdn2-s240 {"case": "depth32768", "prompt_n": 32798, "prompt_tps": 389.1, "decode_tps": 70.05, "draft_n": 138, "draft_acc": 129, "sha": "f7b4ff6d1749"}
bu-gdn2-s240 {"case": "depth61440", "prompt_n": 61470, "prompt_tps": 366.6, "decode_tps": 63.86, "draft_n": 144, "draft_acc": 126, "sha": "2f634fc03cfd"}
bu-gdn2-s240 vram-end 14960 MiB, 930 MiB 14760 MiB, 1130 MiB 
bu-restack2-s240 vram-load 14860 MiB, 1030 MiB 14692 MiB, 1198 MiB 
bu-restack2-s240 {"case": "warmup", "prompt_n": 31, "prompt_tps": 24.0, "decode_tps": 38.07, "draft_n": 49, "draft_acc": 38, "sha": "0667a351a23f"}
bu-restack2-s240 {"case": "shallow", "prompt_n": 31, "prompt_tps": 52.8, "decode_tps": 68.73, "draft_n": 248, "draft_acc": 175, "sha": "719ffe99426a"}
bu-restack2-s240 {"case": "shallow", "prompt_n": 31, "prompt_tps": 64.9, "decode_tps": 70.13, "draft_n": 248, "draft_acc": 175, "sha": "719ffe99426a"}
bu-restack2-s240 {"case": "shallow", "prompt_n": 31, "prompt_tps": 63.7, "decode_tps": 66.91, "draft_n": 248, "draft_acc": 175, "sha": "719ffe99426a"}
bu-restack2-s240 {"case": "depth8192", "prompt_n": 8222, "prompt_tps": 391.6, "decode_tps": 68.25, "draft_n": 141, "draft_acc": 128, "sha": "9903a0d6825c"}
bu-restack2-s240 {"case": "depth32768", "prompt_n": 32798, "prompt_tps": 389.1, "decode_tps": 68.98, "draft_n": 142, "draft_acc": 128, "sha": "c3b570d7c604"}
bu-restack2-s240 {"case": "depth61440", "prompt_n": 61470, "prompt_tps": 364.7, "decode_tps": 64.01, "draft_n": 145, "draft_acc": 126, "sha": "3af597f34a4c"}
bu-restack2-s240 vram-end 14954 MiB, 936 MiB 14760 MiB, 1130 MiB 
ALLDONE
