bu-restack1-s240 vram-load 14860 MiB, 1030 MiB 14692 MiB, 1198 MiB 
bu-restack1-s240 {"case": "warmup", "prompt_n": 31, "prompt_tps": 15.8, "decode_tps": 38.32, "draft_n": 49, "draft_acc": 38, "sha": "0667a351a23f"}
bu-restack1-s240 {"case": "shallow", "prompt_n": 31, "prompt_tps": 52.4, "decode_tps": 68.6, "draft_n": 248, "draft_acc": 175, "sha": "719ffe99426a"}
bu-restack1-s240 {"case": "shallow", "prompt_n": 31, "prompt_tps": 63.4, "decode_tps": 66.96, "draft_n": 248, "draft_acc": 175, "sha": "719ffe99426a"}
bu-restack1-s240 {"case": "shallow", "prompt_n": 31, "prompt_tps": 61.5, "decode_tps": 72.22, "draft_n": 248, "draft_acc": 175, "sha": "719ffe99426a"}
bu-restack1-s240 {"case": "depth8192", "prompt_n": 8222, "prompt_tps": 398.5, "decode_tps": 70.77, "draft_n": 139, "draft_acc": 129, "sha": "9903a0d6825c"}
bu-restack1-s240 {"case": "depth32768", "prompt_n": 32798, "prompt_tps": 389.3, "decode_tps": 69.07, "draft_n": 142, "draft_acc": 128, "sha": "c3b570d7c604"}
bu-restack1-s240 {"case": "depth61440", "prompt_n": 61470, "prompt_tps": 367.4, "decode_tps": 63.66, "draft_n": 144, "draft_acc": 126, "sha": "2f634fc03cfd"}
bu-restack1-s240 vram-end 14954 MiB, 936 MiB 14760 MiB, 1130 MiB 
bu-sk1-s240 vram-load 14860 MiB, 1030 MiB 14692 MiB, 1198 MiB 
bu-sk1-s240 {"case": "warmup", "prompt_n": 31, "prompt_tps": 17.6, "decode_tps": 38.4, "draft_n": 49, "draft_acc": 38, "sha": "0667a351a23f"}
bu-sk1-s240 {"case": "shallow", "prompt_n": 31, "prompt_tps": 52.4, "decode_tps": 68.72, "draft_n": 248, "draft_acc": 175, "sha": "719ffe99426a"}
bu-sk1-s240 {"case": "shallow", "prompt_n": 31, "prompt_tps": 63.6, "decode_tps": 71.77, "draft_n": 248, "draft_acc": 175, "sha": "719ffe99426a"}
bu-sk1-s240 {"case": "shallow", "prompt_n": 31, "prompt_tps": 64.1, "decode_tps": 72.43, "draft_n": 248, "draft_acc": 175, "sha": "719ffe99426a"}
bu-sk1-s240 {"case": "depth8192", "prompt_n": 8222, "prompt_tps": 401.5, "decode_tps": 69.99, "draft_n": 139, "draft_acc": 129, "sha": "d38c8ffcb19e"}
bu-sk1-s240 {"case": "depth32768", "prompt_n": 32798, "prompt_tps": 390.5, "decode_tps": 71.4, "draft_n": 140, "draft_acc": 129, "sha": "c3b570d7c604"}
bu-sk1-s240 {"case": "depth61440", "prompt_n": 61470, "prompt_tps": 367.9, "decode_tps": 65.04, "draft_n": 144, "draft_acc": 127, "sha": "809a46ef1013"}
bu-sk1-s240 vram-end 14954 MiB, 936 MiB 14760 MiB, 1130 MiB 
bu-sk2-s240 vram-load 14860 MiB, 1030 MiB 14692 MiB, 1198 MiB 
bu-sk2-s240 {"case": "warmup", "prompt_n": 31, "prompt_tps": 18.2, "decode_tps": 33.72, "draft_n": 49, "draft_acc": 38, "sha": "0667a351a23f"}
bu-sk2-s240 {"case": "shallow", "prompt_n": 31, "prompt_tps": 49.2, "decode_tps": 62.03, "draft_n": 248, "draft_acc": 175, "sha": "719ffe99426a"}
bu-sk2-s240 {"case": "shallow", "prompt_n": 31, "prompt_tps": 64.2, "decode_tps": 72.45, "draft_n": 248, "draft_acc": 175, "sha": "719ffe99426a"}
bu-sk2-s240 {"case": "shallow", "prompt_n": 31, "prompt_tps": 63.9, "decode_tps": 72.45, "draft_n": 248, "draft_acc": 175, "sha": "719ffe99426a"}
bu-sk2-s240 {"case": "depth8192", "prompt_n": 8222, "prompt_tps": 401.7, "decode_tps": 68.63, "draft_n": 143, "draft_acc": 127, "sha": "cd9148d08f4c"}
bu-sk2-s240 {"case": "depth32768", "prompt_n": 32798, "prompt_tps": 390.6, "decode_tps": 70.59, "draft_n": 142, "draft_acc": 128, "sha": "c3b570d7c604"}
bu-sk2-s240 {"case": "depth61440", "prompt_n": 61470, "prompt_tps": 366.4, "decode_tps": 62.69, "draft_n": 147, "draft_acc": 125, "sha": "523281096b1f"}
bu-sk2-s240 vram-end 14954 MiB, 936 MiB 14760 MiB, 1130 MiB 
bu-restack2-s240 vram-load 14860 MiB, 1030 MiB 14692 MiB, 1198 MiB 
bu-restack2-s240 {"case": "warmup", "prompt_n": 31, "prompt_tps": 15.4, "decode_tps": 38.25, "draft_n": 49, "draft_acc": 38, "sha": "0667a351a23f"}
bu-restack2-s240 {"case": "shallow", "prompt_n": 31, "prompt_tps": 49.2, "decode_tps": 68.55, "draft_n": 248, "draft_acc": 175, "sha": "719ffe99426a"}
bu-restack2-s240 {"case": "shallow", "prompt_n": 31, "prompt_tps": 63.6, "decode_tps": 72.34, "draft_n": 248, "draft_acc": 175, "sha": "719ffe99426a"}
bu-restack2-s240 {"case": "shallow", "prompt_n": 31, "prompt_tps": 63.2, "decode_tps": 72.3, "draft_n": 248, "draft_acc": 175, "sha": "719ffe99426a"}
bu-restack2-s240 {"case": "depth8192", "prompt_n": 8222, "prompt_tps": 399.2, "decode_tps": 70.83, "draft_n": 139, "draft_acc": 129, "sha": "5cda0ca0854d"}
bu-restack2-s240 {"case": "depth32768", "prompt_n": 32798, "prompt_tps": 387.6, "decode_tps": 69.02, "draft_n": 142, "draft_acc": 128, "sha": "c3b570d7c604"}
bu-restack2-s240 {"case": "depth61440", "prompt_n": 61470, "prompt_tps": 366.4, "decode_tps": 63.8, "draft_n": 144, "draft_acc": 126, "sha": "672c48210944"}
bu-restack2-s240 vram-end 14954 MiB, 936 MiB 14760 MiB, 1130 MiB 
ALLDONE
