bu-restack1-s240 vram-load 14860 MiB, 1030 MiB 14692 MiB, 1198 MiB 
bu-restack1-s240 {"case": "warmup", "prompt_n": 31, "prompt_tps": 20.7, "decode_tps": 9.67, "draft_n": 49, "draft_acc": 38, "sha": "0667a351a23f"}
bu-restack1-s240 {"case": "shallow", "prompt_n": 31, "prompt_tps": 52.2, "decode_tps": 68.57, "draft_n": 248, "draft_acc": 175, "sha": "719ffe99426a"}
bu-restack1-s240 {"case": "shallow", "prompt_n": 31, "prompt_tps": 64.2, "decode_tps": 72.49, "draft_n": 248, "draft_acc": 175, "sha": "719ffe99426a"}
bu-restack1-s240 {"case": "shallow", "prompt_n": 31, "prompt_tps": 63.8, "decode_tps": 72.61, "draft_n": 248, "draft_acc": 175, "sha": "719ffe99426a"}
bu-restack1-s240 {"case": "depth8192", "prompt_n": 8222, "prompt_tps": 397.9, "decode_tps": 70.77, "draft_n": 139, "draft_acc": 129, "sha": "9903a0d6825c"}
bu-restack1-s240 {"case": "depth32768", "prompt_n": 32798, "prompt_tps": 388.8, "decode_tps": 69.21, "draft_n": 142, "draft_acc": 128, "sha": "c3b570d7c604"}
bu-restack1-s240 {"case": "depth61440", "prompt_n": 61470, "prompt_tps": 366.3, "decode_tps": 61.79, "draft_n": 145, "draft_acc": 126, "sha": "68a603c02cb1"}
bu-restack1-s240 vram-end 14960 MiB, 930 MiB 14760 MiB, 1130 MiB 
bu-topk1-s240 vram-load 14864 MiB, 1026 MiB 14692 MiB, 1198 MiB 
bu-topk1-s240 {"case": "warmup", "prompt_n": 31, "prompt_tps": 10.8, "decode_tps": 37.3, "draft_n": 51, "draft_acc": 37, "sha": "0667a351a23f"}
bu-topk1-s240 {"case": "shallow", "prompt_n": 31, "prompt_tps": 49.5, "decode_tps": 60.59, "draft_n": 250, "draft_acc": 173, "sha": "e1aea15689cf"}
bu-topk1-s240 {"case": "shallow", "prompt_n": 31, "prompt_tps": 62.2, "decode_tps": 70.34, "draft_n": 248, "draft_acc": 174, "sha": "e1aea15689cf"}
bu-topk1-s240 {"case": "shallow", "prompt_n": 31, "prompt_tps": 63.8, "decode_tps": 72.16, "draft_n": 248, "draft_acc": 174, "sha": "e1aea15689cf"}
bu-topk1-s240 {"case": "depth8192", "prompt_n": 8222, "prompt_tps": 401.1, "decode_tps": 70.12, "draft_n": 141, "draft_acc": 128, "sha": "9903a0d6825c"}
bu-topk1-s240 {"case": "depth32768", "prompt_n": 32798, "prompt_tps": 389.8, "decode_tps": 69.37, "draft_n": 140, "draft_acc": 128, "sha": "f7b4ff6d1749"}
bu-topk1-s240 {"case": "depth61440", "prompt_n": 61470, "prompt_tps": 367.0, "decode_tps": 61.04, "draft_n": 153, "draft_acc": 122, "sha": "02f148addeec"}
bu-topk1-s240 vram-end 14968 MiB, 922 MiB 14766 MiB, 1124 MiB 
bu-topk2-s240 vram-load 14864 MiB, 1026 MiB 14692 MiB, 1198 MiB 
bu-topk2-s240 {"case": "warmup", "prompt_n": 31, "prompt_tps": 21.3, "decode_tps": 37.33, "draft_n": 51, "draft_acc": 37, "sha": "0667a351a23f"}
bu-topk2-s240 {"case": "shallow", "prompt_n": 31, "prompt_tps": 52.1, "decode_tps": 68.0, "draft_n": 250, "draft_acc": 173, "sha": "e1aea15689cf"}
bu-topk2-s240 {"case": "shallow", "prompt_n": 31, "prompt_tps": 64.8, "decode_tps": 71.28, "draft_n": 248, "draft_acc": 174, "sha": "e1aea15689cf"}
bu-topk2-s240 {"case": "shallow", "prompt_n": 31, "prompt_tps": 64.5, "decode_tps": 72.21, "draft_n": 248, "draft_acc": 174, "sha": "e1aea15689cf"}
bu-topk2-s240 {"case": "depth8192", "prompt_n": 8222, "prompt_tps": 401.0, "decode_tps": 69.65, "draft_n": 140, "draft_acc": 128, "sha": "63c552cca05d"}
bu-topk2-s240 {"case": "depth32768", "prompt_n": 32798, "prompt_tps": 390.5, "decode_tps": 68.22, "draft_n": 145, "draft_acc": 126, "sha": "c598bf8ff921"}
bu-topk2-s240 {"case": "depth61440", "prompt_n": 61470, "prompt_tps": 367.7, "decode_tps": 64.55, "draft_n": 146, "draft_acc": 125, "sha": "a5a72d2cb270"}
bu-topk2-s240 vram-end 14970 MiB, 920 MiB 14766 MiB, 1124 MiB 
bu-restack2-s240 vram-load 14860 MiB, 1030 MiB 14692 MiB, 1198 MiB 
bu-restack2-s240 {"case": "warmup", "prompt_n": 31, "prompt_tps": 20.9, "decode_tps": 38.11, "draft_n": 49, "draft_acc": 38, "sha": "0667a351a23f"}
bu-restack2-s240 {"case": "shallow", "prompt_n": 31, "prompt_tps": 43.1, "decode_tps": 68.77, "draft_n": 248, "draft_acc": 175, "sha": "719ffe99426a"}
bu-restack2-s240 {"case": "shallow", "prompt_n": 31, "prompt_tps": 64.8, "decode_tps": 72.59, "draft_n": 248, "draft_acc": 175, "sha": "719ffe99426a"}
bu-restack2-s240 {"case": "shallow", "prompt_n": 31, "prompt_tps": 65.1, "decode_tps": 72.59, "draft_n": 248, "draft_acc": 175, "sha": "719ffe99426a"}
bu-restack2-s240 {"case": "depth8192", "prompt_n": 8222, "prompt_tps": 400.6, "decode_tps": 70.52, "draft_n": 140, "draft_acc": 129, "sha": "fe88c660980b"}
bu-restack2-s240 {"case": "depth32768", "prompt_n": 32798, "prompt_tps": 390.0, "decode_tps": 71.58, "draft_n": 140, "draft_acc": 129, "sha": "c3b570d7c604"}
bu-restack2-s240 {"case": "depth61440", "prompt_n": 61470, "prompt_tps": 367.4, "decode_tps": 63.81, "draft_n": 146, "draft_acc": 126, "sha": "cada1c935b9a"}
bu-restack2-s240 vram-end 14954 MiB, 936 MiB 14760 MiB, 1130 MiB 
ALLDONE
